chrome://settings/clearBrowserData

htop, atop, iotop

free --human
free -s 5 --human


ps aux
ps ax | grep docker 

lscpu

watch "dmesg | tail -20"

cat /var/log/syslog

sudo sync; echo 3 > /proc/sys/vm/drop_caches






Running Process in Ubuntu start up
==================================
sudo service docker stop; sudo service mysql stop;  sudo service apache2 stop; sudo service mongod stop; sudo service redis-server stop;



Homestead
------------------------
https://overallheuristic.com/installing-homestead-on-ubuntu/

1. https://www.virtualbox.org/wiki/Linux_Downloads
2. https://www.vagrantup.com/downloads.html
3. $vagrant box add laravel/homestead
4. $git clone https://github.com/laravel/homestead.git ~/Homestead
5. $cd ~/Homestead
6. https://github.com/laravel/homestead/releases ---------- clone the required release
7. $git checkout v7.12.0
8. $bash init.sh
9. sudo nano Homestead.yaml -------- #provider: virtualbox
10. 

folders:
– map: ~/websites
to: /home/vagrant/websites

sites:
– map: dev.local
to: /home/vagrant/websites/mylaravelproject/public

11.
$ sudo nano /etc/hosts
#192.168.10.10   homestead.dev

12.
$ touch ~/.ssh/id_rsa

13.
$ vagrant up

# if you are getting error after running vagrant up , restart you pc , when its coming up press  f10 or f12 depending on your pc  to get to the bios setup

# locate the virtualization and enable it, save and let the system boot

#go to your homestead folder in the home dir after the system has booted

#then run

$ vagrant up

$ vagrant ssh

$ vagrant reload --provision

